// Jest Snapshot v1, https://goo.gl/fbAQLP

exports[`snapshot 1`] = `
<div>
  <button
    data-testid="article-favourite-button"
    type="button"
  >
    Remove from
     
    "Favourites"
  </button>
</div>
`;
